Fichier log